{
  "type": "minecraft:smithing",
  "addition": {
    "item": "minecraft:gold_block"
  },
  "base": {
    "item": "minecraft:stone_axe"
  },
  "result": {
    "item": "minecraft:golden_axe"
  }
}