{
  "type": "minecraft:smithing",
  "addition": {
    "item": "minecraft:gold_ingot"
  },
  "base": {
    "item": "minecraft:chainmail_chestplate"
  },
  "result": {
    "item": "minecraft:golden_chestplate"
  }
}