{
  "type": "minecraft:smithing",
  "addition": {
    "item": "minecraft:gold_block"
  },
  "base": {
    "item": "minecraft:chainmail_helmet"
  },
  "result": {
    "item": "minecraft:golden_helmet"
  }
}