{
  "type": "minecraft:smithing",
  "addition": {
    "item": "minecraft:gold_ingot"
  },
  "base": {
    "item": "humbleadditions:wooden_shears"
  },
  "result": {
    "item": "humbleadditions:golden_shears"
  }
}