{
  "type": "minecraft:smithing",
  "addition": {
    "item": "minecraft:gold_ingot"
  },
  "base": {
    "item": "minecraft:stone_shovel"
  },
  "result": {
    "item": "minecraft:golden_shovel"
  }
}