{
  "type": "minecraft:smithing",
  "addition": {
    "item": "minecraft:gold_ingot"
  },
  "base": {
    "item": "minecraft:stone_sword"
  },
  "result": {
    "item": "minecraft:golden_sword"
  }
}