{
  "type": "minecraft:smithing",
  "addition": {
    "item": "minecraft:gold_ingot"
  },
  "base": {
    "item": "minecraft:iron_horse_armor"
  },
  "result": {
    "item": "minecraft:golden_horse_armor"
  }
}